Archive member included to satisfy reference by file (symbol)

d:/dev/altera/15.1/nios2eds/bin/gnu/h-x86_64-mingw32/bin/../lib/gcc/nios2-elf/4.9.2/mno-hw-mul\libgcc.a(lib2-divmod.o)
                              obj/default/main.o (__divsi3)
../nios_first_bsp/\libhal_bsp.a(alt_load.o)
                              ../nios_first_bsp//obj/HAL/src/crt0.o (alt_load)
../nios_first_bsp/\libhal_bsp.a(alt_main.o)
                              ../nios_first_bsp//obj/HAL/src/crt0.o (alt_main)
../nios_first_bsp/\libhal_bsp.a(alt_sys_init.o)
                              ../nios_first_bsp/\libhal_bsp.a(alt_main.o) (alt_irq_init)
../nios_first_bsp/\libhal_bsp.a(alt_close.o)
                              ../nios_first_bsp/\libhal_bsp.a(alt_main.o) (close)
../nios_first_bsp/\libhal_bsp.a(alt_dcache_flush_all.o)
                              ../nios_first_bsp/\libhal_bsp.a(alt_load.o) (alt_dcache_flush_all)
../nios_first_bsp/\libhal_bsp.a(alt_dev.o)
                              ../nios_first_bsp/\libhal_bsp.a(alt_close.o) (alt_fd_list)
../nios_first_bsp/\libhal_bsp.a(alt_do_ctors.o)
                              ../nios_first_bsp/\libhal_bsp.a(alt_main.o) (_do_ctors)
../nios_first_bsp/\libhal_bsp.a(alt_do_dtors.o)
                              ../nios_first_bsp/\libhal_bsp.a(alt_main.o) (_do_dtors)
../nios_first_bsp/\libhal_bsp.a(alt_errno.o)
                              ../nios_first_bsp/\libhal_bsp.a(alt_close.o) (alt_errno)
../nios_first_bsp/\libhal_bsp.a(alt_icache_flush_all.o)
                              ../nios_first_bsp/\libhal_bsp.a(alt_load.o) (alt_icache_flush_all)
../nios_first_bsp/\libhal_bsp.a(alt_release_fd.o)
                              ../nios_first_bsp/\libhal_bsp.a(alt_close.o) (alt_release_fd)
../nios_first_bsp/\libhal_bsp.a(altera_nios2_qsys_irq.o)
                              ../nios_first_bsp/\libhal_bsp.a(alt_sys_init.o) (altera_nios2_qsys_irq_init)
d:/dev/altera/15.1/nios2eds/bin/gnu/h-x86_64-mingw32/bin/../lib/gcc/nios2-elf/4.9.2/../../../../../H-x86_64-mingw32/nios2-elf/lib/mno-hw-mul\libc.a(lib_a-atexit.o)
                              ../nios_first_bsp/\libhal_bsp.a(alt_main.o) (atexit)
d:/dev/altera/15.1/nios2eds/bin/gnu/h-x86_64-mingw32/bin/../lib/gcc/nios2-elf/4.9.2/../../../../../H-x86_64-mingw32/nios2-elf/lib/mno-hw-mul\libc.a(lib_a-exit.o)
                              ../nios_first_bsp/\libhal_bsp.a(alt_main.o) (exit)
d:/dev/altera/15.1/nios2eds/bin/gnu/h-x86_64-mingw32/bin/../lib/gcc/nios2-elf/4.9.2/../../../../../H-x86_64-mingw32/nios2-elf/lib/mno-hw-mul\libc.a(lib_a-impure.o)
                              d:/dev/altera/15.1/nios2eds/bin/gnu/h-x86_64-mingw32/bin/../lib/gcc/nios2-elf/4.9.2/../../../../../H-x86_64-mingw32/nios2-elf/lib/mno-hw-mul\libc.a(lib_a-exit.o) (_global_impure_ptr)
d:/dev/altera/15.1/nios2eds/bin/gnu/h-x86_64-mingw32/bin/../lib/gcc/nios2-elf/4.9.2/../../../../../H-x86_64-mingw32/nios2-elf/lib/mno-hw-mul\libc.a(lib_a-int_errno.o)
                              ../nios_first_bsp/\libhal_bsp.a(alt_close.o) (errno)
d:/dev/altera/15.1/nios2eds/bin/gnu/h-x86_64-mingw32/bin/../lib/gcc/nios2-elf/4.9.2/../../../../../H-x86_64-mingw32/nios2-elf/lib/mno-hw-mul\libc.a(lib_a-__atexit.o)
                              d:/dev/altera/15.1/nios2eds/bin/gnu/h-x86_64-mingw32/bin/../lib/gcc/nios2-elf/4.9.2/../../../../../H-x86_64-mingw32/nios2-elf/lib/mno-hw-mul\libc.a(lib_a-atexit.o) (__register_exitproc)
d:/dev/altera/15.1/nios2eds/bin/gnu/h-x86_64-mingw32/bin/../lib/gcc/nios2-elf/4.9.2/../../../../../H-x86_64-mingw32/nios2-elf/lib/mno-hw-mul\libc.a(lib_a-__call_atexit.o)
                              d:/dev/altera/15.1/nios2eds/bin/gnu/h-x86_64-mingw32/bin/../lib/gcc/nios2-elf/4.9.2/../../../../../H-x86_64-mingw32/nios2-elf/lib/mno-hw-mul\libc.a(lib_a-exit.o) (__call_exitprocs)
d:/dev/altera/15.1/nios2eds/bin/gnu/h-x86_64-mingw32/bin/../lib/gcc/nios2-elf/4.9.2/mno-hw-mul\libgcc.a(lib2-mul.o)
                              ../nios_first_bsp/\libhal_bsp.a(alt_close.o) (__mulsi3)
../nios_first_bsp/\libhal_bsp.a(alt_exit.o)
                              d:/dev/altera/15.1/nios2eds/bin/gnu/h-x86_64-mingw32/bin/../lib/gcc/nios2-elf/4.9.2/../../../../../H-x86_64-mingw32/nios2-elf/lib/mno-hw-mul\libc.a(lib_a-exit.o) (_exit)

Allocating common symbols
Common symbol       size              file

errno               0x4               d:/dev/altera/15.1/nios2eds/bin/gnu/h-x86_64-mingw32/bin/../lib/gcc/nios2-elf/4.9.2/../../../../../H-x86_64-mingw32/nios2-elf/lib/mno-hw-mul\libc.a(lib_a-int_errno.o)

Memory Configuration

Name             Origin             Length             Attributes
reset            0x0000000000002000 0x0000000000000020
onchip_memory2_0 0x0000000000002020 0x0000000000001fe0
*default*        0x0000000000000000 0xffffffffffffffff

Linker script and memory map

LOAD ../nios_first_bsp//obj/HAL/src/crt0.o
LOAD obj/default/main.o
LOAD d:/dev/altera/15.1/nios2eds/bin/gnu/h-x86_64-mingw32/bin/../lib/gcc/nios2-elf/4.9.2/../../../../../H-x86_64-mingw32/nios2-elf/lib/mno-hw-mul\libstdc++.a
LOAD d:/dev/altera/15.1/nios2eds/bin/gnu/h-x86_64-mingw32/bin/../lib/gcc/nios2-elf/4.9.2/../../../../../H-x86_64-mingw32/nios2-elf/lib/mno-hw-mul\libm.a
LOAD d:/dev/altera/15.1/nios2eds/bin/gnu/h-x86_64-mingw32/bin/../lib/gcc/nios2-elf/4.9.2/mno-hw-mul\libgcc.a
START GROUP
LOAD d:/dev/altera/15.1/nios2eds/bin/gnu/h-x86_64-mingw32/bin/../lib/gcc/nios2-elf/4.9.2/../../../../../H-x86_64-mingw32/nios2-elf/lib/mno-hw-mul\libc.a
LOAD d:/dev/altera/15.1/nios2eds/bin/gnu/h-x86_64-mingw32/bin/../lib/gcc/nios2-elf/4.9.2/mno-hw-mul\libgcc.a
LOAD ../nios_first_bsp/\libhal_bsp.a
LOAD d:/dev/altera/15.1/nios2eds/bin/gnu/h-x86_64-mingw32/bin/../lib/gcc/nios2-elf/4.9.2/../../../../../H-x86_64-mingw32/nios2-elf/lib/mno-hw-mul\libm.a
END GROUP
LOAD d:/dev/altera/15.1/nios2eds/bin/gnu/h-x86_64-mingw32/bin/../lib/gcc/nios2-elf/4.9.2/mno-hw-mul\libgcc.a
                0x0000000000002000                __alt_mem_onchip_memory2_0 = 0x2000

.entry          0x0000000000002000       0x20
 *(.entry)
 .entry         0x0000000000002000       0x20 ../nios_first_bsp//obj/HAL/src/crt0.o
                0x0000000000002000                __reset

.exceptions     0x0000000000002020        0x0
                0x0000000000002020                PROVIDE (__ram_exceptions_start, ABSOLUTE (.))
                0x0000000000002020                . = ALIGN (0x20)
 *(.irq)
 *(.exceptions.entry.label)
 *(.exceptions.entry.user)
 *(.exceptions.entry.ecc_fatal)
 *(.exceptions.entry)
 *(.exceptions.irqtest.user)
 *(.exceptions.irqtest)
 *(.exceptions.irqhandler.user)
 *(.exceptions.irqhandler)
 *(.exceptions.irqreturn.user)
 *(.exceptions.irqreturn)
 *(.exceptions.notirq.label)
 *(.exceptions.notirq.user)
 *(.exceptions.notirq)
 *(.exceptions.soft.user)
 *(.exceptions.soft)
 *(.exceptions.unknown.user)
 *(.exceptions.unknown)
 *(.exceptions.exit.label)
 *(.exceptions.exit.user)
 *(.exceptions.exit)
 *(.exceptions)
                0x0000000000002020                PROVIDE (__ram_exceptions_end, ABSOLUTE (.))
                0x0000000000002020                PROVIDE (__flash_exceptions_start, LOADADDR (.exceptions))

.text           0x0000000000002020      0xc04
                0x0000000000002020                PROVIDE (stext, ABSOLUTE (.))
 *(.interp)
 *(.hash)
 *(.dynsym)
 *(.dynstr)
 *(.gnu.version)
 *(.gnu.version_d)
 *(.gnu.version_r)
 *(.rel.init)
 *(.rela.init)
 *(.rel.text .rel.text.* .rel.gnu.linkonce.t.*)
 *(.rela.text .rela.text.* .rela.gnu.linkonce.t.*)
 *(.rel.fini)
 *(.rela.fini)
 *(.rel.rodata .rel.rodata.* .rel.gnu.linkonce.r.*)
 *(.rela.rodata .rela.rodata.* .rela.gnu.linkonce.r.*)
 *(.rel.data .rel.data.* .rel.gnu.linkonce.d.*)
 *(.rela.data .rela.data.* .rela.gnu.linkonce.d.*)
 *(.rel.tdata .rel.tdata.* .rel.gnu.linkonce.td.*)
 *(.rela.tdata .rela.tdata.* .rela.gnu.linkonce.td.*)
 *(.rel.tbss .rel.tbss.* .rel.gnu.linkonce.tb.*)
 *(.rela.tbss .rela.tbss.* .rela.gnu.linkonce.tb.*)
 *(.rel.ctors)
 *(.rela.ctors)
 *(.rel.dtors)
 *(.rela.dtors)
 *(.rel.got)
 *(.rela.got)
 *(.rel.sdata .rel.sdata.* .rel.gnu.linkonce.s.*)
 *(.rela.sdata .rela.sdata.* .rela.gnu.linkonce.s.*)
 *(.rel.sbss .rel.sbss.* .rel.gnu.linkonce.sb.*)
 *(.rela.sbss .rela.sbss.* .rela.gnu.linkonce.sb.*)
 *(.rel.sdata2 .rel.sdata2.* .rel.gnu.linkonce.s2.*)
 *(.rela.sdata2 .rela.sdata2.* .rela.gnu.linkonce.s2.*)
 *(.rel.sbss2 .rel.sbss2.* .rel.gnu.linkonce.sb2.*)
 *(.rela.sbss2 .rela.sbss2.* .rela.gnu.linkonce.sb2.*)
 *(.rel.bss .rel.bss.* .rel.gnu.linkonce.b.*)
 *(.rela.bss .rela.bss.* .rela.gnu.linkonce.b.*)
 *(.rel.plt)
 *(.rela.plt)
 *(.rel.dyn)
 *(.init)
 *(.plt)
 *(.text .stub .text.* .gnu.linkonce.t.*)
 .text          0x0000000000002020       0x3c ../nios_first_bsp//obj/HAL/src/crt0.o
                0x0000000000002020                _start
 .text          0x000000000000205c      0x2d8 obj/default/main.o
                0x000000000000205c                bin2bcd
                0x00000000000021f4                main
 .text          0x0000000000002334      0x12c d:/dev/altera/15.1/nios2eds/bin/gnu/h-x86_64-mingw32/bin/../lib/gcc/nios2-elf/4.9.2/mno-hw-mul\libgcc.a(lib2-divmod.o)
                0x00000000000023a0                __divsi3
                0x00000000000023f4                __modsi3
                0x0000000000002450                __udivsi3
                0x0000000000002458                __umodsi3
 .text          0x0000000000002460       0xe4 ../nios_first_bsp/\libhal_bsp.a(alt_load.o)
                0x00000000000024c4                alt_load
 .text          0x0000000000002544       0x5c ../nios_first_bsp/\libhal_bsp.a(alt_main.o)
                0x0000000000002544                alt_main
 .text          0x00000000000025a0       0x50 ../nios_first_bsp/\libhal_bsp.a(alt_sys_init.o)
                0x00000000000025a0                alt_irq_init
                0x00000000000025d4                alt_sys_init
 .text          0x00000000000025f0      0x128 ../nios_first_bsp/\libhal_bsp.a(alt_close.o)
                0x0000000000002640                close
 .text          0x0000000000002718       0x1c ../nios_first_bsp/\libhal_bsp.a(alt_dcache_flush_all.o)
                0x0000000000002718                alt_dcache_flush_all
 .text          0x0000000000002734       0x2c ../nios_first_bsp/\libhal_bsp.a(alt_dev.o)
 .text          0x0000000000002760       0x5c ../nios_first_bsp/\libhal_bsp.a(alt_do_ctors.o)
                0x0000000000002760                _do_ctors
 .text          0x00000000000027bc       0x5c ../nios_first_bsp/\libhal_bsp.a(alt_do_dtors.o)
                0x00000000000027bc                _do_dtors
 .text          0x0000000000002818        0x0 ../nios_first_bsp/\libhal_bsp.a(alt_errno.o)
 .text          0x0000000000002818       0x1c ../nios_first_bsp/\libhal_bsp.a(alt_icache_flush_all.o)
                0x0000000000002818                alt_icache_flush_all
 .text          0x0000000000002834       0x80 ../nios_first_bsp/\libhal_bsp.a(alt_release_fd.o)
                0x0000000000002834                alt_release_fd
 .text          0x00000000000028b4       0x20 ../nios_first_bsp/\libhal_bsp.a(altera_nios2_qsys_irq.o)
                0x00000000000028b4                altera_nios2_qsys_irq_init
 .text          0x00000000000028d4        0x0 d:/dev/altera/15.1/nios2eds/bin/gnu/h-x86_64-mingw32/bin/../lib/gcc/nios2-elf/4.9.2/../../../../../H-x86_64-mingw32/nios2-elf/lib/mno-hw-mul\libc.a(lib_a-atexit.o)
 .text.atexit   0x00000000000028d4       0x14 d:/dev/altera/15.1/nios2eds/bin/gnu/h-x86_64-mingw32/bin/../lib/gcc/nios2-elf/4.9.2/../../../../../H-x86_64-mingw32/nios2-elf/lib/mno-hw-mul\libc.a(lib_a-atexit.o)
                0x00000000000028d4                atexit
 .text          0x00000000000028e8        0x0 d:/dev/altera/15.1/nios2eds/bin/gnu/h-x86_64-mingw32/bin/../lib/gcc/nios2-elf/4.9.2/../../../../../H-x86_64-mingw32/nios2-elf/lib/mno-hw-mul\libc.a(lib_a-exit.o)
 .text.exit     0x00000000000028e8       0x38 d:/dev/altera/15.1/nios2eds/bin/gnu/h-x86_64-mingw32/bin/../lib/gcc/nios2-elf/4.9.2/../../../../../H-x86_64-mingw32/nios2-elf/lib/mno-hw-mul\libc.a(lib_a-exit.o)
                0x00000000000028e8                exit
 .text          0x0000000000002920        0x0 d:/dev/altera/15.1/nios2eds/bin/gnu/h-x86_64-mingw32/bin/../lib/gcc/nios2-elf/4.9.2/../../../../../H-x86_64-mingw32/nios2-elf/lib/mno-hw-mul\libc.a(lib_a-impure.o)
 .text          0x0000000000002920        0x0 d:/dev/altera/15.1/nios2eds/bin/gnu/h-x86_64-mingw32/bin/../lib/gcc/nios2-elf/4.9.2/../../../../../H-x86_64-mingw32/nios2-elf/lib/mno-hw-mul\libc.a(lib_a-int_errno.o)
 .text          0x0000000000002920        0x0 d:/dev/altera/15.1/nios2eds/bin/gnu/h-x86_64-mingw32/bin/../lib/gcc/nios2-elf/4.9.2/../../../../../H-x86_64-mingw32/nios2-elf/lib/mno-hw-mul\libc.a(lib_a-__atexit.o)
 .text.__register_exitproc
                0x0000000000002920      0x114 d:/dev/altera/15.1/nios2eds/bin/gnu/h-x86_64-mingw32/bin/../lib/gcc/nios2-elf/4.9.2/../../../../../H-x86_64-mingw32/nios2-elf/lib/mno-hw-mul\libc.a(lib_a-__atexit.o)
                0x0000000000002920                __register_exitproc
 .text          0x0000000000002a34        0x0 d:/dev/altera/15.1/nios2eds/bin/gnu/h-x86_64-mingw32/bin/../lib/gcc/nios2-elf/4.9.2/../../../../../H-x86_64-mingw32/nios2-elf/lib/mno-hw-mul\libc.a(lib_a-__call_atexit.o)
 .text.__call_exitprocs
                0x0000000000002a34      0x194 d:/dev/altera/15.1/nios2eds/bin/gnu/h-x86_64-mingw32/bin/../lib/gcc/nios2-elf/4.9.2/../../../../../H-x86_64-mingw32/nios2-elf/lib/mno-hw-mul\libc.a(lib_a-__call_atexit.o)
                0x0000000000002a34                __call_exitprocs
 .text          0x0000000000002bc8       0x28 d:/dev/altera/15.1/nios2eds/bin/gnu/h-x86_64-mingw32/bin/../lib/gcc/nios2-elf/4.9.2/mno-hw-mul\libgcc.a(lib2-mul.o)
                0x0000000000002bc8                __mulsi3
 .text          0x0000000000002bf0       0x34 ../nios_first_bsp/\libhal_bsp.a(alt_exit.o)
                0x0000000000002bf0                _exit
 *(.gnu.warning.*)
 *(.fini)
                0x0000000000002c24                PROVIDE (__etext, ABSOLUTE (.))
                0x0000000000002c24                PROVIDE (_etext, ABSOLUTE (.))
                0x0000000000002c24                PROVIDE (etext, ABSOLUTE (.))
 *(.eh_frame_hdr)
                0x0000000000002c24                . = ALIGN (0x4)
                0x0000000000002c24                PROVIDE (__preinit_array_start, ABSOLUTE (.))
 *(.preinit_array)
                0x0000000000002c24                PROVIDE (__preinit_array_end, ABSOLUTE (.))
                0x0000000000002c24                PROVIDE (__init_array_start, ABSOLUTE (.))
 *(.init_array)
                0x0000000000002c24                PROVIDE (__init_array_end, ABSOLUTE (.))
                0x0000000000002c24                PROVIDE (__fini_array_start, ABSOLUTE (.))
 *(.fini_array)
                0x0000000000002c24                PROVIDE (__fini_array_end, ABSOLUTE (.))
 *(.eh_frame)
 *(.gcc_except_table .gcc_except_table.*)
 *(.dynamic)
                0x0000000000002c24                PROVIDE (__CTOR_LIST__, ABSOLUTE (.))
 *(.ctors)
 *(SORT(.ctors.*))
                0x0000000000002c24                PROVIDE (__CTOR_END__, ABSOLUTE (.))
                0x0000000000002c24                PROVIDE (__DTOR_LIST__, ABSOLUTE (.))
 *(.dtors)
 *(SORT(.dtors.*))
                0x0000000000002c24                PROVIDE (__DTOR_END__, ABSOLUTE (.))
 *(.jcr)
                0x0000000000002c24                . = ALIGN (0x4)

.rodata         0x0000000000002c24       0x10
                0x0000000000002c24                PROVIDE (__ram_rodata_start, ABSOLUTE (.))
                0x0000000000002c24                . = ALIGN (0x4)
 *(.rodata .rodata.* .gnu.linkonce.r.*)
 .rodata        0x0000000000002c24        0xc ../nios_first_bsp/\libhal_bsp.a(alt_dev.o)
 .rodata.str1.4
                0x0000000000002c30        0x4 d:/dev/altera/15.1/nios2eds/bin/gnu/h-x86_64-mingw32/bin/../lib/gcc/nios2-elf/4.9.2/../../../../../H-x86_64-mingw32/nios2-elf/lib/mno-hw-mul\libc.a(lib_a-impure.o)
 *(.rodata1)
                0x0000000000002c34                . = ALIGN (0x4)
                0x0000000000002c34                PROVIDE (__ram_rodata_end, ABSOLUTE (.))
                0x0000000000002c24                PROVIDE (__flash_rodata_start, LOADADDR (.rodata))

.rwdata         0x0000000000002c34      0x5ec load address 0x0000000000003220
                0x0000000000002c34                PROVIDE (__ram_rwdata_start, ABSOLUTE (.))
                0x0000000000002c34                . = ALIGN (0x4)
 *(.got.plt)
 *(.got)
 *(.data1)
 *(.data .data.* .gnu.linkonce.d.*)
 .data          0x0000000000002c34        0x0 ../nios_first_bsp//obj/HAL/src/crt0.o
 .data          0x0000000000002c34        0x0 obj/default/main.o
 .data          0x0000000000002c34        0x0 d:/dev/altera/15.1/nios2eds/bin/gnu/h-x86_64-mingw32/bin/../lib/gcc/nios2-elf/4.9.2/mno-hw-mul\libgcc.a(lib2-divmod.o)
 .data          0x0000000000002c34        0x0 ../nios_first_bsp/\libhal_bsp.a(alt_load.o)
 .data          0x0000000000002c34        0x0 ../nios_first_bsp/\libhal_bsp.a(alt_main.o)
 .data          0x0000000000002c34        0x0 ../nios_first_bsp/\libhal_bsp.a(alt_sys_init.o)
 .data          0x0000000000002c34        0x0 ../nios_first_bsp/\libhal_bsp.a(alt_close.o)
 .data          0x0000000000002c34        0x0 ../nios_first_bsp/\libhal_bsp.a(alt_dcache_flush_all.o)
 .data          0x0000000000002c34      0x1a8 ../nios_first_bsp/\libhal_bsp.a(alt_dev.o)
                0x0000000000002c34                alt_dev_null
                0x0000000000002c5c                alt_fd_list
 .data          0x0000000000002ddc        0x0 ../nios_first_bsp/\libhal_bsp.a(alt_do_ctors.o)
 .data          0x0000000000002ddc        0x0 ../nios_first_bsp/\libhal_bsp.a(alt_do_dtors.o)
 .data          0x0000000000002ddc        0x0 ../nios_first_bsp/\libhal_bsp.a(alt_errno.o)
 .data          0x0000000000002ddc        0x0 ../nios_first_bsp/\libhal_bsp.a(alt_icache_flush_all.o)
 .data          0x0000000000002ddc        0x0 ../nios_first_bsp/\libhal_bsp.a(alt_release_fd.o)
 .data          0x0000000000002ddc        0x0 ../nios_first_bsp/\libhal_bsp.a(altera_nios2_qsys_irq.o)
 .data          0x0000000000002ddc        0x0 d:/dev/altera/15.1/nios2eds/bin/gnu/h-x86_64-mingw32/bin/../lib/gcc/nios2-elf/4.9.2/../../../../../H-x86_64-mingw32/nios2-elf/lib/mno-hw-mul\libc.a(lib_a-atexit.o)
 .data          0x0000000000002ddc        0x0 d:/dev/altera/15.1/nios2eds/bin/gnu/h-x86_64-mingw32/bin/../lib/gcc/nios2-elf/4.9.2/../../../../../H-x86_64-mingw32/nios2-elf/lib/mno-hw-mul\libc.a(lib_a-exit.o)
 .data          0x0000000000002ddc        0x0 d:/dev/altera/15.1/nios2eds/bin/gnu/h-x86_64-mingw32/bin/../lib/gcc/nios2-elf/4.9.2/../../../../../H-x86_64-mingw32/nios2-elf/lib/mno-hw-mul\libc.a(lib_a-impure.o)
 .data.impure_data
                0x0000000000002ddc      0x424 d:/dev/altera/15.1/nios2eds/bin/gnu/h-x86_64-mingw32/bin/../lib/gcc/nios2-elf/4.9.2/../../../../../H-x86_64-mingw32/nios2-elf/lib/mno-hw-mul\libc.a(lib_a-impure.o)
 .data          0x0000000000003200        0x0 d:/dev/altera/15.1/nios2eds/bin/gnu/h-x86_64-mingw32/bin/../lib/gcc/nios2-elf/4.9.2/../../../../../H-x86_64-mingw32/nios2-elf/lib/mno-hw-mul\libc.a(lib_a-int_errno.o)
 .data          0x0000000000003200        0x0 d:/dev/altera/15.1/nios2eds/bin/gnu/h-x86_64-mingw32/bin/../lib/gcc/nios2-elf/4.9.2/../../../../../H-x86_64-mingw32/nios2-elf/lib/mno-hw-mul\libc.a(lib_a-__atexit.o)
 .data          0x0000000000003200        0x0 d:/dev/altera/15.1/nios2eds/bin/gnu/h-x86_64-mingw32/bin/../lib/gcc/nios2-elf/4.9.2/../../../../../H-x86_64-mingw32/nios2-elf/lib/mno-hw-mul\libc.a(lib_a-__call_atexit.o)
 .data          0x0000000000003200        0x0 d:/dev/altera/15.1/nios2eds/bin/gnu/h-x86_64-mingw32/bin/../lib/gcc/nios2-elf/4.9.2/mno-hw-mul\libgcc.a(lib2-mul.o)
 .data          0x0000000000003200        0x0 ../nios_first_bsp/\libhal_bsp.a(alt_exit.o)
                0x000000000000b200                _gp = ABSOLUTE ((. + 0x8000))
                0x000000000000b200                PROVIDE (gp, _gp)
 *(.rwdata .rwdata.*)
 *(.sdata .sdata.* .gnu.linkonce.s.*)
 .sdata         0x0000000000003200       0x14 ../nios_first_bsp/\libhal_bsp.a(alt_dev.o)
                0x0000000000003200                alt_fs_list
                0x0000000000003208                alt_dev_list
                0x0000000000003210                alt_max_fd
 .sdata         0x0000000000003214        0x4 ../nios_first_bsp/\libhal_bsp.a(alt_errno.o)
                0x0000000000003214                alt_errno
 .sdata._global_impure_ptr
                0x0000000000003218        0x4 d:/dev/altera/15.1/nios2eds/bin/gnu/h-x86_64-mingw32/bin/../lib/gcc/nios2-elf/4.9.2/../../../../../H-x86_64-mingw32/nios2-elf/lib/mno-hw-mul\libc.a(lib_a-impure.o)
                0x0000000000003218                _global_impure_ptr
 .sdata._impure_ptr
                0x000000000000321c        0x4 d:/dev/altera/15.1/nios2eds/bin/gnu/h-x86_64-mingw32/bin/../lib/gcc/nios2-elf/4.9.2/../../../../../H-x86_64-mingw32/nios2-elf/lib/mno-hw-mul\libc.a(lib_a-impure.o)
                0x000000000000321c                _impure_ptr
 *(.sdata2 .sdata2.* .gnu.linkonce.s2.*)
                0x0000000000003220                . = ALIGN (0x4)
                0x0000000000003220                _edata = ABSOLUTE (.)
                0x0000000000003220                PROVIDE (edata, ABSOLUTE (.))
                0x0000000000003220                PROVIDE (__ram_rwdata_end, ABSOLUTE (.))
                0x0000000000003220                PROVIDE (__flash_rwdata_start, LOADADDR (.rwdata))

.bss            0x000000000000380c       0x10
                0x000000000000380c                __bss_start = ABSOLUTE (.)
                0x000000000000380c                PROVIDE (__sbss_start, ABSOLUTE (.))
                0x000000000000380c                PROVIDE (___sbss_start, ABSOLUTE (.))
 *(.dynsbss)
 *(.sbss .sbss.* .gnu.linkonce.sb.*)
 .sbss          0x000000000000380c        0xc ../nios_first_bsp/\libhal_bsp.a(alt_main.o)
                0x000000000000380c                alt_argc
                0x0000000000003810                alt_argv
                0x0000000000003814                alt_envp
 .sbss          0x0000000000003818        0x4 d:/dev/altera/15.1/nios2eds/bin/gnu/h-x86_64-mingw32/bin/../lib/gcc/nios2-elf/4.9.2/../../../../../H-x86_64-mingw32/nios2-elf/lib/mno-hw-mul\libc.a(lib_a-int_errno.o)
                0x0000000000003818                errno
 *(.sbss2 .sbss2.* .gnu.linkonce.sb2.*)
 *(.scommon)
                0x000000000000381c                PROVIDE (__sbss_end, ABSOLUTE (.))
                0x000000000000381c                PROVIDE (___sbss_end, ABSOLUTE (.))
 *(.dynbss)
 *(.bss .bss.* .gnu.linkonce.b.*)
 .bss           0x000000000000381c        0x0 ../nios_first_bsp//obj/HAL/src/crt0.o
 .bss           0x000000000000381c        0x0 obj/default/main.o
 .bss           0x000000000000381c        0x0 d:/dev/altera/15.1/nios2eds/bin/gnu/h-x86_64-mingw32/bin/../lib/gcc/nios2-elf/4.9.2/mno-hw-mul\libgcc.a(lib2-divmod.o)
 .bss           0x000000000000381c        0x0 ../nios_first_bsp/\libhal_bsp.a(alt_load.o)
 .bss           0x000000000000381c        0x0 ../nios_first_bsp/\libhal_bsp.a(alt_main.o)
 .bss           0x000000000000381c        0x0 ../nios_first_bsp/\libhal_bsp.a(alt_sys_init.o)
 .bss           0x000000000000381c        0x0 ../nios_first_bsp/\libhal_bsp.a(alt_close.o)
 .bss           0x000000000000381c        0x0 ../nios_first_bsp/\libhal_bsp.a(alt_dcache_flush_all.o)
 .bss           0x000000000000381c        0x0 ../nios_first_bsp/\libhal_bsp.a(alt_dev.o)
 .bss           0x000000000000381c        0x0 ../nios_first_bsp/\libhal_bsp.a(alt_do_ctors.o)
 .bss           0x000000000000381c        0x0 ../nios_first_bsp/\libhal_bsp.a(alt_do_dtors.o)
 .bss           0x000000000000381c        0x0 ../nios_first_bsp/\libhal_bsp.a(alt_errno.o)
 .bss           0x000000000000381c        0x0 ../nios_first_bsp/\libhal_bsp.a(alt_icache_flush_all.o)
 .bss           0x000000000000381c        0x0 ../nios_first_bsp/\libhal_bsp.a(alt_release_fd.o)
 .bss           0x000000000000381c        0x0 ../nios_first_bsp/\libhal_bsp.a(altera_nios2_qsys_irq.o)
 .bss           0x000000000000381c        0x0 d:/dev/altera/15.1/nios2eds/bin/gnu/h-x86_64-mingw32/bin/../lib/gcc/nios2-elf/4.9.2/../../../../../H-x86_64-mingw32/nios2-elf/lib/mno-hw-mul\libc.a(lib_a-atexit.o)
 .bss           0x000000000000381c        0x0 d:/dev/altera/15.1/nios2eds/bin/gnu/h-x86_64-mingw32/bin/../lib/gcc/nios2-elf/4.9.2/../../../../../H-x86_64-mingw32/nios2-elf/lib/mno-hw-mul\libc.a(lib_a-exit.o)
 .bss           0x000000000000381c        0x0 d:/dev/altera/15.1/nios2eds/bin/gnu/h-x86_64-mingw32/bin/../lib/gcc/nios2-elf/4.9.2/../../../../../H-x86_64-mingw32/nios2-elf/lib/mno-hw-mul\libc.a(lib_a-impure.o)
 .bss           0x000000000000381c        0x0 d:/dev/altera/15.1/nios2eds/bin/gnu/h-x86_64-mingw32/bin/../lib/gcc/nios2-elf/4.9.2/../../../../../H-x86_64-mingw32/nios2-elf/lib/mno-hw-mul\libc.a(lib_a-int_errno.o)
 .bss           0x000000000000381c        0x0 d:/dev/altera/15.1/nios2eds/bin/gnu/h-x86_64-mingw32/bin/../lib/gcc/nios2-elf/4.9.2/../../../../../H-x86_64-mingw32/nios2-elf/lib/mno-hw-mul\libc.a(lib_a-__atexit.o)
 .bss           0x000000000000381c        0x0 d:/dev/altera/15.1/nios2eds/bin/gnu/h-x86_64-mingw32/bin/../lib/gcc/nios2-elf/4.9.2/../../../../../H-x86_64-mingw32/nios2-elf/lib/mno-hw-mul\libc.a(lib_a-__call_atexit.o)
 .bss           0x000000000000381c        0x0 d:/dev/altera/15.1/nios2eds/bin/gnu/h-x86_64-mingw32/bin/../lib/gcc/nios2-elf/4.9.2/mno-hw-mul\libgcc.a(lib2-mul.o)
 .bss           0x000000000000381c        0x0 ../nios_first_bsp/\libhal_bsp.a(alt_exit.o)
 *(COMMON)
                0x000000000000381c                . = ALIGN (0x4)
                0x000000000000381c                __bss_end = ABSOLUTE (.)

.onchip_memory2_0
                0x000000000000381c        0x0
                0x000000000000381c                PROVIDE (_alt_partition_onchip_memory2_0_start, ABSOLUTE (.))
 *(.onchip_memory2_0 .onchip_memory2_0. onchip_memory2_0.*)
                0x000000000000381c                . = ALIGN (0x4)
                0x000000000000381c                PROVIDE (_alt_partition_onchip_memory2_0_end, ABSOLUTE (.))
                0x000000000000381c                _end = ABSOLUTE (.)
                0x000000000000381c                end = ABSOLUTE (.)
                0x000000000000381c                __alt_stack_base = ABSOLUTE (.)
                0x000000000000381c                PROVIDE (_alt_partition_onchip_memory2_0_load_addr, LOADADDR (.onchip_memory2_0))

.stab
 *(.stab)

.stabstr
 *(.stabstr)

.stab.excl
 *(.stab.excl)

.stab.exclstr
 *(.stab.exclstr)

.stab.index
 *(.stab.index)

.stab.indexstr
 *(.stab.indexstr)

.comment        0x0000000000000000       0x23
 *(.comment)
 .comment       0x0000000000000000       0x23 obj/default/main.o
                                         0x24 (size before relaxing)
 .comment       0x0000000000000000       0x24 d:/dev/altera/15.1/nios2eds/bin/gnu/h-x86_64-mingw32/bin/../lib/gcc/nios2-elf/4.9.2/mno-hw-mul\libgcc.a(lib2-divmod.o)
 .comment       0x0000000000000000       0x24 ../nios_first_bsp/\libhal_bsp.a(alt_load.o)
 .comment       0x0000000000000000       0x24 ../nios_first_bsp/\libhal_bsp.a(alt_main.o)
 .comment       0x0000000000000000       0x24 ../nios_first_bsp/\libhal_bsp.a(alt_sys_init.o)
 .comment       0x0000000000000000       0x24 ../nios_first_bsp/\libhal_bsp.a(alt_close.o)
 .comment       0x0000000000000000       0x24 ../nios_first_bsp/\libhal_bsp.a(alt_dcache_flush_all.o)
 .comment       0x0000000000000000       0x24 ../nios_first_bsp/\libhal_bsp.a(alt_dev.o)
 .comment       0x0000000000000000       0x24 ../nios_first_bsp/\libhal_bsp.a(alt_do_ctors.o)
 .comment       0x0000000000000000       0x24 ../nios_first_bsp/\libhal_bsp.a(alt_do_dtors.o)
 .comment       0x0000000000000000       0x24 ../nios_first_bsp/\libhal_bsp.a(alt_errno.o)
 .comment       0x0000000000000000       0x24 ../nios_first_bsp/\libhal_bsp.a(alt_icache_flush_all.o)
 .comment       0x0000000000000000       0x24 ../nios_first_bsp/\libhal_bsp.a(alt_release_fd.o)
 .comment       0x0000000000000000       0x24 ../nios_first_bsp/\libhal_bsp.a(altera_nios2_qsys_irq.o)
 .comment       0x0000000000000000       0x24 d:/dev/altera/15.1/nios2eds/bin/gnu/h-x86_64-mingw32/bin/../lib/gcc/nios2-elf/4.9.2/../../../../../H-x86_64-mingw32/nios2-elf/lib/mno-hw-mul\libc.a(lib_a-atexit.o)
 .comment       0x0000000000000000       0x24 d:/dev/altera/15.1/nios2eds/bin/gnu/h-x86_64-mingw32/bin/../lib/gcc/nios2-elf/4.9.2/../../../../../H-x86_64-mingw32/nios2-elf/lib/mno-hw-mul\libc.a(lib_a-exit.o)
 .comment       0x0000000000000000       0x24 d:/dev/altera/15.1/nios2eds/bin/gnu/h-x86_64-mingw32/bin/../lib/gcc/nios2-elf/4.9.2/../../../../../H-x86_64-mingw32/nios2-elf/lib/mno-hw-mul\libc.a(lib_a-impure.o)
 .comment       0x0000000000000000       0x24 d:/dev/altera/15.1/nios2eds/bin/gnu/h-x86_64-mingw32/bin/../lib/gcc/nios2-elf/4.9.2/../../../../../H-x86_64-mingw32/nios2-elf/lib/mno-hw-mul\libc.a(lib_a-int_errno.o)
 .comment       0x0000000000000000       0x24 d:/dev/altera/15.1/nios2eds/bin/gnu/h-x86_64-mingw32/bin/../lib/gcc/nios2-elf/4.9.2/../../../../../H-x86_64-mingw32/nios2-elf/lib/mno-hw-mul\libc.a(lib_a-__atexit.o)
 .comment       0x0000000000000000       0x24 d:/dev/altera/15.1/nios2eds/bin/gnu/h-x86_64-mingw32/bin/../lib/gcc/nios2-elf/4.9.2/../../../../../H-x86_64-mingw32/nios2-elf/lib/mno-hw-mul\libc.a(lib_a-__call_atexit.o)
 .comment       0x0000000000000000       0x24 d:/dev/altera/15.1/nios2eds/bin/gnu/h-x86_64-mingw32/bin/../lib/gcc/nios2-elf/4.9.2/mno-hw-mul\libgcc.a(lib2-mul.o)
 .comment       0x0000000000000000       0x24 ../nios_first_bsp/\libhal_bsp.a(alt_exit.o)

.debug
 *(.debug)

.line
 *(.line)

.debug_srcinfo
 *(.debug_srcinfo)

.debug_sfnames
 *(.debug_sfnames)

.debug_aranges  0x0000000000000000      0x2d0
 *(.debug_aranges)
 .debug_aranges
                0x0000000000000000       0x28 ../nios_first_bsp//obj/HAL/src/crt0.o
 .debug_aranges
                0x0000000000000028       0x20 obj/default/main.o
 .debug_aranges
                0x0000000000000048       0x20 d:/dev/altera/15.1/nios2eds/bin/gnu/h-x86_64-mingw32/bin/../lib/gcc/nios2-elf/4.9.2/mno-hw-mul\libgcc.a(lib2-divmod.o)
 .debug_aranges
                0x0000000000000068       0x20 ../nios_first_bsp/\libhal_bsp.a(alt_load.o)
 .debug_aranges
                0x0000000000000088       0x20 ../nios_first_bsp/\libhal_bsp.a(alt_main.o)
 .debug_aranges
                0x00000000000000a8       0x20 ../nios_first_bsp/\libhal_bsp.a(alt_sys_init.o)
 .debug_aranges
                0x00000000000000c8       0x20 ../nios_first_bsp/\libhal_bsp.a(alt_close.o)
 .debug_aranges
                0x00000000000000e8       0x20 ../nios_first_bsp/\libhal_bsp.a(alt_dcache_flush_all.o)
 .debug_aranges
                0x0000000000000108       0x20 ../nios_first_bsp/\libhal_bsp.a(alt_dev.o)
 .debug_aranges
                0x0000000000000128       0x20 ../nios_first_bsp/\libhal_bsp.a(alt_do_ctors.o)
 .debug_aranges
                0x0000000000000148       0x20 ../nios_first_bsp/\libhal_bsp.a(alt_do_dtors.o)
 .debug_aranges
                0x0000000000000168       0x18 ../nios_first_bsp/\libhal_bsp.a(alt_errno.o)
 .debug_aranges
                0x0000000000000180       0x20 ../nios_first_bsp/\libhal_bsp.a(alt_icache_flush_all.o)
 .debug_aranges
                0x00000000000001a0       0x20 ../nios_first_bsp/\libhal_bsp.a(alt_release_fd.o)
 .debug_aranges
                0x00000000000001c0       0x20 ../nios_first_bsp/\libhal_bsp.a(altera_nios2_qsys_irq.o)
 .debug_aranges
                0x00000000000001e0       0x20 d:/dev/altera/15.1/nios2eds/bin/gnu/h-x86_64-mingw32/bin/../lib/gcc/nios2-elf/4.9.2/../../../../../H-x86_64-mingw32/nios2-elf/lib/mno-hw-mul\libc.a(lib_a-atexit.o)
 .debug_aranges
                0x0000000000000200       0x20 d:/dev/altera/15.1/nios2eds/bin/gnu/h-x86_64-mingw32/bin/../lib/gcc/nios2-elf/4.9.2/../../../../../H-x86_64-mingw32/nios2-elf/lib/mno-hw-mul\libc.a(lib_a-exit.o)
 .debug_aranges
                0x0000000000000220       0x18 d:/dev/altera/15.1/nios2eds/bin/gnu/h-x86_64-mingw32/bin/../lib/gcc/nios2-elf/4.9.2/../../../../../H-x86_64-mingw32/nios2-elf/lib/mno-hw-mul\libc.a(lib_a-impure.o)
 .debug_aranges
                0x0000000000000238       0x18 d:/dev/altera/15.1/nios2eds/bin/gnu/h-x86_64-mingw32/bin/../lib/gcc/nios2-elf/4.9.2/../../../../../H-x86_64-mingw32/nios2-elf/lib/mno-hw-mul\libc.a(lib_a-int_errno.o)
 .debug_aranges
                0x0000000000000250       0x20 d:/dev/altera/15.1/nios2eds/bin/gnu/h-x86_64-mingw32/bin/../lib/gcc/nios2-elf/4.9.2/../../../../../H-x86_64-mingw32/nios2-elf/lib/mno-hw-mul\libc.a(lib_a-__atexit.o)
 .debug_aranges
                0x0000000000000270       0x20 d:/dev/altera/15.1/nios2eds/bin/gnu/h-x86_64-mingw32/bin/../lib/gcc/nios2-elf/4.9.2/../../../../../H-x86_64-mingw32/nios2-elf/lib/mno-hw-mul\libc.a(lib_a-__call_atexit.o)
 .debug_aranges
                0x0000000000000290       0x20 d:/dev/altera/15.1/nios2eds/bin/gnu/h-x86_64-mingw32/bin/../lib/gcc/nios2-elf/4.9.2/mno-hw-mul\libgcc.a(lib2-mul.o)
 .debug_aranges
                0x00000000000002b0       0x20 ../nios_first_bsp/\libhal_bsp.a(alt_exit.o)

.debug_pubnames
 *(.debug_pubnames)

.debug_info     0x0000000000000000     0x3cd4
 *(.debug_info .gnu.linkonce.wi.*)
 .debug_info    0x0000000000000000       0x90 ../nios_first_bsp//obj/HAL/src/crt0.o
 .debug_info    0x0000000000000090      0x143 obj/default/main.o
 .debug_info    0x00000000000001d3      0x234 d:/dev/altera/15.1/nios2eds/bin/gnu/h-x86_64-mingw32/bin/../lib/gcc/nios2-elf/4.9.2/mno-hw-mul\libgcc.a(lib2-divmod.o)
 .debug_info    0x0000000000000407      0x13e ../nios_first_bsp/\libhal_bsp.a(alt_load.o)
 .debug_info    0x0000000000000545      0x150 ../nios_first_bsp/\libhal_bsp.a(alt_main.o)
 .debug_info    0x0000000000000695       0xf3 ../nios_first_bsp/\libhal_bsp.a(alt_sys_init.o)
 .debug_info    0x0000000000000788      0x31a ../nios_first_bsp/\libhal_bsp.a(alt_close.o)
 .debug_info    0x0000000000000aa2       0x8b ../nios_first_bsp/\libhal_bsp.a(alt_dcache_flush_all.o)
 .debug_info    0x0000000000000b2d      0x495 ../nios_first_bsp/\libhal_bsp.a(alt_dev.o)
 .debug_info    0x0000000000000fc2       0x83 ../nios_first_bsp/\libhal_bsp.a(alt_do_ctors.o)
 .debug_info    0x0000000000001045       0x83 ../nios_first_bsp/\libhal_bsp.a(alt_do_dtors.o)
 .debug_info    0x00000000000010c8       0x9f ../nios_first_bsp/\libhal_bsp.a(alt_errno.o)
 .debug_info    0x0000000000001167       0x8b ../nios_first_bsp/\libhal_bsp.a(alt_icache_flush_all.o)
 .debug_info    0x00000000000011f2      0x2b0 ../nios_first_bsp/\libhal_bsp.a(alt_release_fd.o)
 .debug_info    0x00000000000014a2       0xb1 ../nios_first_bsp/\libhal_bsp.a(altera_nios2_qsys_irq.o)
 .debug_info    0x0000000000001553      0x10a d:/dev/altera/15.1/nios2eds/bin/gnu/h-x86_64-mingw32/bin/../lib/gcc/nios2-elf/4.9.2/../../../../../H-x86_64-mingw32/nios2-elf/lib/mno-hw-mul\libc.a(lib_a-atexit.o)
 .debug_info    0x000000000000165d      0x8ef d:/dev/altera/15.1/nios2eds/bin/gnu/h-x86_64-mingw32/bin/../lib/gcc/nios2-elf/4.9.2/../../../../../H-x86_64-mingw32/nios2-elf/lib/mno-hw-mul\libc.a(lib_a-exit.o)
 .debug_info    0x0000000000001f4c      0x89f d:/dev/altera/15.1/nios2eds/bin/gnu/h-x86_64-mingw32/bin/../lib/gcc/nios2-elf/4.9.2/../../../../../H-x86_64-mingw32/nios2-elf/lib/mno-hw-mul\libc.a(lib_a-impure.o)
 .debug_info    0x00000000000027eb       0x83 d:/dev/altera/15.1/nios2eds/bin/gnu/h-x86_64-mingw32/bin/../lib/gcc/nios2-elf/4.9.2/../../../../../H-x86_64-mingw32/nios2-elf/lib/mno-hw-mul\libc.a(lib_a-int_errno.o)
 .debug_info    0x000000000000286e      0x93f d:/dev/altera/15.1/nios2eds/bin/gnu/h-x86_64-mingw32/bin/../lib/gcc/nios2-elf/4.9.2/../../../../../H-x86_64-mingw32/nios2-elf/lib/mno-hw-mul\libc.a(lib_a-__atexit.o)
 .debug_info    0x00000000000031ad      0x964 d:/dev/altera/15.1/nios2eds/bin/gnu/h-x86_64-mingw32/bin/../lib/gcc/nios2-elf/4.9.2/../../../../../H-x86_64-mingw32/nios2-elf/lib/mno-hw-mul\libc.a(lib_a-__call_atexit.o)
 .debug_info    0x0000000000003b11       0xb4 d:/dev/altera/15.1/nios2eds/bin/gnu/h-x86_64-mingw32/bin/../lib/gcc/nios2-elf/4.9.2/mno-hw-mul\libgcc.a(lib2-mul.o)
 .debug_info    0x0000000000003bc5      0x10f ../nios_first_bsp/\libhal_bsp.a(alt_exit.o)

.debug_abbrev   0x0000000000000000     0x12d5
 *(.debug_abbrev)
 .debug_abbrev  0x0000000000000000       0x12 ../nios_first_bsp//obj/HAL/src/crt0.o
 .debug_abbrev  0x0000000000000012       0xc6 obj/default/main.o
 .debug_abbrev  0x00000000000000d8       0xd9 d:/dev/altera/15.1/nios2eds/bin/gnu/h-x86_64-mingw32/bin/../lib/gcc/nios2-elf/4.9.2/mno-hw-mul\libgcc.a(lib2-divmod.o)
 .debug_abbrev  0x00000000000001b1       0x9f ../nios_first_bsp/\libhal_bsp.a(alt_load.o)
 .debug_abbrev  0x0000000000000250       0xc1 ../nios_first_bsp/\libhal_bsp.a(alt_main.o)
 .debug_abbrev  0x0000000000000311       0xbc ../nios_first_bsp/\libhal_bsp.a(alt_sys_init.o)
 .debug_abbrev  0x00000000000003cd      0x11f ../nios_first_bsp/\libhal_bsp.a(alt_close.o)
 .debug_abbrev  0x00000000000004ec       0x42 ../nios_first_bsp/\libhal_bsp.a(alt_dcache_flush_all.o)
 .debug_abbrev  0x000000000000052e       0xd9 ../nios_first_bsp/\libhal_bsp.a(alt_dev.o)
 .debug_abbrev  0x0000000000000607       0x79 ../nios_first_bsp/\libhal_bsp.a(alt_do_ctors.o)
 .debug_abbrev  0x0000000000000680       0x79 ../nios_first_bsp/\libhal_bsp.a(alt_do_dtors.o)
 .debug_abbrev  0x00000000000006f9       0x5a ../nios_first_bsp/\libhal_bsp.a(alt_errno.o)
 .debug_abbrev  0x0000000000000753       0x42 ../nios_first_bsp/\libhal_bsp.a(alt_icache_flush_all.o)
 .debug_abbrev  0x0000000000000795       0xde ../nios_first_bsp/\libhal_bsp.a(alt_release_fd.o)
 .debug_abbrev  0x0000000000000873       0x67 ../nios_first_bsp/\libhal_bsp.a(altera_nios2_qsys_irq.o)
 .debug_abbrev  0x00000000000008da       0xb8 d:/dev/altera/15.1/nios2eds/bin/gnu/h-x86_64-mingw32/bin/../lib/gcc/nios2-elf/4.9.2/../../../../../H-x86_64-mingw32/nios2-elf/lib/mno-hw-mul\libc.a(lib_a-atexit.o)
 .debug_abbrev  0x0000000000000992      0x1f5 d:/dev/altera/15.1/nios2eds/bin/gnu/h-x86_64-mingw32/bin/../lib/gcc/nios2-elf/4.9.2/../../../../../H-x86_64-mingw32/nios2-elf/lib/mno-hw-mul\libc.a(lib_a-exit.o)
 .debug_abbrev  0x0000000000000b87      0x18f d:/dev/altera/15.1/nios2eds/bin/gnu/h-x86_64-mingw32/bin/../lib/gcc/nios2-elf/4.9.2/../../../../../H-x86_64-mingw32/nios2-elf/lib/mno-hw-mul\libc.a(lib_a-impure.o)
 .debug_abbrev  0x0000000000000d16       0x37 d:/dev/altera/15.1/nios2eds/bin/gnu/h-x86_64-mingw32/bin/../lib/gcc/nios2-elf/4.9.2/../../../../../H-x86_64-mingw32/nios2-elf/lib/mno-hw-mul\libc.a(lib_a-int_errno.o)
 .debug_abbrev  0x0000000000000d4d      0x21e d:/dev/altera/15.1/nios2eds/bin/gnu/h-x86_64-mingw32/bin/../lib/gcc/nios2-elf/4.9.2/../../../../../H-x86_64-mingw32/nios2-elf/lib/mno-hw-mul\libc.a(lib_a-__atexit.o)
 .debug_abbrev  0x0000000000000f6b      0x22e d:/dev/altera/15.1/nios2eds/bin/gnu/h-x86_64-mingw32/bin/../lib/gcc/nios2-elf/4.9.2/../../../../../H-x86_64-mingw32/nios2-elf/lib/mno-hw-mul\libc.a(lib_a-__call_atexit.o)
 .debug_abbrev  0x0000000000001199       0x6f d:/dev/altera/15.1/nios2eds/bin/gnu/h-x86_64-mingw32/bin/../lib/gcc/nios2-elf/4.9.2/mno-hw-mul\libgcc.a(lib2-mul.o)
 .debug_abbrev  0x0000000000001208       0xcd ../nios_first_bsp/\libhal_bsp.a(alt_exit.o)

.debug_line     0x0000000000000000     0x1387
 *(.debug_line)
 .debug_line    0x0000000000000000       0x66 ../nios_first_bsp//obj/HAL/src/crt0.o
 .debug_line    0x0000000000000066       0xee obj/default/main.o
 .debug_line    0x0000000000000154       0xc7 d:/dev/altera/15.1/nios2eds/bin/gnu/h-x86_64-mingw32/bin/../lib/gcc/nios2-elf/4.9.2/mno-hw-mul\libgcc.a(lib2-divmod.o)
 .debug_line    0x000000000000021b       0x8d ../nios_first_bsp/\libhal_bsp.a(alt_load.o)
 .debug_line    0x00000000000002a8       0xcd ../nios_first_bsp/\libhal_bsp.a(alt_main.o)
 .debug_line    0x0000000000000375       0xa7 ../nios_first_bsp/\libhal_bsp.a(alt_sys_init.o)
 .debug_line    0x000000000000041c      0x162 ../nios_first_bsp/\libhal_bsp.a(alt_close.o)
 .debug_line    0x000000000000057e       0x51 ../nios_first_bsp/\libhal_bsp.a(alt_dcache_flush_all.o)
 .debug_line    0x00000000000005cf       0xf4 ../nios_first_bsp/\libhal_bsp.a(alt_dev.o)
 .debug_line    0x00000000000006c3       0x59 ../nios_first_bsp/\libhal_bsp.a(alt_do_ctors.o)
 .debug_line    0x000000000000071c       0x59 ../nios_first_bsp/\libhal_bsp.a(alt_do_dtors.o)
 .debug_line    0x0000000000000775       0x51 ../nios_first_bsp/\libhal_bsp.a(alt_errno.o)
 .debug_line    0x00000000000007c6       0x4f ../nios_first_bsp/\libhal_bsp.a(alt_icache_flush_all.o)
 .debug_line    0x0000000000000815       0xb0 ../nios_first_bsp/\libhal_bsp.a(alt_release_fd.o)
 .debug_line    0x00000000000008c5       0x8d ../nios_first_bsp/\libhal_bsp.a(altera_nios2_qsys_irq.o)
 .debug_line    0x0000000000000952       0xe7 d:/dev/altera/15.1/nios2eds/bin/gnu/h-x86_64-mingw32/bin/../lib/gcc/nios2-elf/4.9.2/../../../../../H-x86_64-mingw32/nios2-elf/lib/mno-hw-mul\libc.a(lib_a-atexit.o)
 .debug_line    0x0000000000000a39      0x1fc d:/dev/altera/15.1/nios2eds/bin/gnu/h-x86_64-mingw32/bin/../lib/gcc/nios2-elf/4.9.2/../../../../../H-x86_64-mingw32/nios2-elf/lib/mno-hw-mul\libc.a(lib_a-exit.o)
 .debug_line    0x0000000000000c35      0x160 d:/dev/altera/15.1/nios2eds/bin/gnu/h-x86_64-mingw32/bin/../lib/gcc/nios2-elf/4.9.2/../../../../../H-x86_64-mingw32/nios2-elf/lib/mno-hw-mul\libc.a(lib_a-impure.o)
 .debug_line    0x0000000000000d95       0x5f d:/dev/altera/15.1/nios2eds/bin/gnu/h-x86_64-mingw32/bin/../lib/gcc/nios2-elf/4.9.2/../../../../../H-x86_64-mingw32/nios2-elf/lib/mno-hw-mul\libc.a(lib_a-int_errno.o)
 .debug_line    0x0000000000000df4      0x225 d:/dev/altera/15.1/nios2eds/bin/gnu/h-x86_64-mingw32/bin/../lib/gcc/nios2-elf/4.9.2/../../../../../H-x86_64-mingw32/nios2-elf/lib/mno-hw-mul\libc.a(lib_a-__atexit.o)
 .debug_line    0x0000000000001019      0x241 d:/dev/altera/15.1/nios2eds/bin/gnu/h-x86_64-mingw32/bin/../lib/gcc/nios2-elf/4.9.2/../../../../../H-x86_64-mingw32/nios2-elf/lib/mno-hw-mul\libc.a(lib_a-__call_atexit.o)
 .debug_line    0x000000000000125a       0x80 d:/dev/altera/15.1/nios2eds/bin/gnu/h-x86_64-mingw32/bin/../lib/gcc/nios2-elf/4.9.2/mno-hw-mul\libgcc.a(lib2-mul.o)
 .debug_line    0x00000000000012da       0xad ../nios_first_bsp/\libhal_bsp.a(alt_exit.o)

.debug_frame    0x0000000000000000      0x4cc
 *(.debug_frame)
 .debug_frame   0x0000000000000000       0x60 obj/default/main.o
 .debug_frame   0x0000000000000060       0x8c d:/dev/altera/15.1/nios2eds/bin/gnu/h-x86_64-mingw32/bin/../lib/gcc/nios2-elf/4.9.2/mno-hw-mul\libgcc.a(lib2-divmod.o)
 .debug_frame   0x00000000000000ec       0x5c ../nios_first_bsp/\libhal_bsp.a(alt_load.o)
 .debug_frame   0x0000000000000148       0x2c ../nios_first_bsp/\libhal_bsp.a(alt_main.o)
 .debug_frame   0x0000000000000174       0x5c ../nios_first_bsp/\libhal_bsp.a(alt_sys_init.o)
 .debug_frame   0x00000000000001d0       0x60 ../nios_first_bsp/\libhal_bsp.a(alt_close.o)
 .debug_frame   0x0000000000000230       0x34 ../nios_first_bsp/\libhal_bsp.a(alt_dcache_flush_all.o)
 .debug_frame   0x0000000000000264       0x34 ../nios_first_bsp/\libhal_bsp.a(alt_dev.o)
 .debug_frame   0x0000000000000298       0x38 ../nios_first_bsp/\libhal_bsp.a(alt_do_ctors.o)
 .debug_frame   0x00000000000002d0       0x38 ../nios_first_bsp/\libhal_bsp.a(alt_do_dtors.o)
 .debug_frame   0x0000000000000308       0x34 ../nios_first_bsp/\libhal_bsp.a(alt_icache_flush_all.o)
 .debug_frame   0x000000000000033c       0x3c ../nios_first_bsp/\libhal_bsp.a(alt_release_fd.o)
 .debug_frame   0x0000000000000378       0x34 ../nios_first_bsp/\libhal_bsp.a(altera_nios2_qsys_irq.o)
 .debug_frame   0x00000000000003ac       0x20 d:/dev/altera/15.1/nios2eds/bin/gnu/h-x86_64-mingw32/bin/../lib/gcc/nios2-elf/4.9.2/../../../../../H-x86_64-mingw32/nios2-elf/lib/mno-hw-mul\libc.a(lib_a-atexit.o)
 .debug_frame   0x00000000000003cc       0x28 d:/dev/altera/15.1/nios2eds/bin/gnu/h-x86_64-mingw32/bin/../lib/gcc/nios2-elf/4.9.2/../../../../../H-x86_64-mingw32/nios2-elf/lib/mno-hw-mul\libc.a(lib_a-exit.o)
 .debug_frame   0x00000000000003f4       0x38 d:/dev/altera/15.1/nios2eds/bin/gnu/h-x86_64-mingw32/bin/../lib/gcc/nios2-elf/4.9.2/../../../../../H-x86_64-mingw32/nios2-elf/lib/mno-hw-mul\libc.a(lib_a-__atexit.o)
 .debug_frame   0x000000000000042c       0x54 d:/dev/altera/15.1/nios2eds/bin/gnu/h-x86_64-mingw32/bin/../lib/gcc/nios2-elf/4.9.2/../../../../../H-x86_64-mingw32/nios2-elf/lib/mno-hw-mul\libc.a(lib_a-__call_atexit.o)
 .debug_frame   0x0000000000000480       0x20 d:/dev/altera/15.1/nios2eds/bin/gnu/h-x86_64-mingw32/bin/../lib/gcc/nios2-elf/4.9.2/mno-hw-mul\libgcc.a(lib2-mul.o)
 .debug_frame   0x00000000000004a0       0x2c ../nios_first_bsp/\libhal_bsp.a(alt_exit.o)

.debug_str      0x0000000000000000      0xf65
 *(.debug_str)
 .debug_str     0x0000000000000000      0x11e obj/default/main.o
                                        0x169 (size before relaxing)
 .debug_str     0x000000000000011e      0x185 d:/dev/altera/15.1/nios2eds/bin/gnu/h-x86_64-mingw32/bin/../lib/gcc/nios2-elf/4.9.2/mno-hw-mul\libgcc.a(lib2-divmod.o)
                                        0x1d0 (size before relaxing)
 .debug_str     0x00000000000002a3      0x14d ../nios_first_bsp/\libhal_bsp.a(alt_load.o)
                                        0x217 (size before relaxing)
 .debug_str     0x00000000000003f0       0x91 ../nios_first_bsp/\libhal_bsp.a(alt_main.o)
                                        0x1cb (size before relaxing)
 .debug_str     0x0000000000000481       0x47 ../nios_first_bsp/\libhal_bsp.a(alt_sys_init.o)
                                        0x19b (size before relaxing)
 .debug_str     0x00000000000004c8       0x90 ../nios_first_bsp/\libhal_bsp.a(alt_close.o)
                                        0x210 (size before relaxing)
 .debug_str     0x0000000000000558       0x34 ../nios_first_bsp/\libhal_bsp.a(alt_dcache_flush_all.o)
                                        0x15a (size before relaxing)
 .debug_str     0x000000000000058c      0x120 ../nios_first_bsp/\libhal_bsp.a(alt_dev.o)
                                        0x30a (size before relaxing)
 .debug_str     0x00000000000006ac       0x48 ../nios_first_bsp/\libhal_bsp.a(alt_do_ctors.o)
                                         0xe1 (size before relaxing)
 .debug_str     0x00000000000006f4       0x4c ../nios_first_bsp/\libhal_bsp.a(alt_do_dtors.o)
                                         0xe0 (size before relaxing)
 .debug_str     0x0000000000000740       0x14 ../nios_first_bsp/\libhal_bsp.a(alt_errno.o)
                                        0x14a (size before relaxing)
 .debug_str     0x0000000000000754       0x34 ../nios_first_bsp/\libhal_bsp.a(alt_icache_flush_all.o)
                                        0x15a (size before relaxing)
 .debug_str     0x0000000000000788       0x28 ../nios_first_bsp/\libhal_bsp.a(alt_release_fd.o)
                                        0x1e4 (size before relaxing)
 .debug_str     0x00000000000007b0       0x3b ../nios_first_bsp/\libhal_bsp.a(altera_nios2_qsys_irq.o)
                                        0x18a (size before relaxing)
 .debug_str     0x00000000000007eb      0x17a d:/dev/altera/15.1/nios2eds/bin/gnu/h-x86_64-mingw32/bin/../lib/gcc/nios2-elf/4.9.2/../../../../../H-x86_64-mingw32/nios2-elf/lib/mno-hw-mul\libc.a(lib_a-atexit.o)
                                        0x213 (size before relaxing)
 .debug_str     0x0000000000000965      0x3d6 d:/dev/altera/15.1/nios2eds/bin/gnu/h-x86_64-mingw32/bin/../lib/gcc/nios2-elf/4.9.2/../../../../../H-x86_64-mingw32/nios2-elf/lib/mno-hw-mul\libc.a(lib_a-exit.o)
                                        0x5b0 (size before relaxing)
 .debug_str     0x0000000000000d3b       0xd6 d:/dev/altera/15.1/nios2eds/bin/gnu/h-x86_64-mingw32/bin/../lib/gcc/nios2-elf/4.9.2/../../../../../H-x86_64-mingw32/nios2-elf/lib/mno-hw-mul\libc.a(lib_a-impure.o)
                                        0x5a7 (size before relaxing)
 .debug_str     0x0000000000000e11       0x3f d:/dev/altera/15.1/nios2eds/bin/gnu/h-x86_64-mingw32/bin/../lib/gcc/nios2-elf/4.9.2/../../../../../H-x86_64-mingw32/nios2-elf/lib/mno-hw-mul\libc.a(lib_a-int_errno.o)
                                        0x1cf (size before relaxing)
 .debug_str     0x0000000000000e50       0x46 d:/dev/altera/15.1/nios2eds/bin/gnu/h-x86_64-mingw32/bin/../lib/gcc/nios2-elf/4.9.2/../../../../../H-x86_64-mingw32/nios2-elf/lib/mno-hw-mul\libc.a(lib_a-__atexit.o)
                                        0x5ef (size before relaxing)
 .debug_str     0x0000000000000e96       0x65 d:/dev/altera/15.1/nios2eds/bin/gnu/h-x86_64-mingw32/bin/../lib/gcc/nios2-elf/4.9.2/../../../../../H-x86_64-mingw32/nios2-elf/lib/mno-hw-mul\libc.a(lib_a-__call_atexit.o)
                                        0x5d4 (size before relaxing)
 .debug_str     0x0000000000000efb       0x40 d:/dev/altera/15.1/nios2eds/bin/gnu/h-x86_64-mingw32/bin/../lib/gcc/nios2-elf/4.9.2/mno-hw-mul\libgcc.a(lib2-mul.o)
                                        0x191 (size before relaxing)
 .debug_str     0x0000000000000f3b       0x2a ../nios_first_bsp/\libhal_bsp.a(alt_exit.o)
                                        0x17f (size before relaxing)

.debug_loc      0x0000000000000000      0x67b
 *(.debug_loc)
 .debug_loc     0x0000000000000000      0x273 d:/dev/altera/15.1/nios2eds/bin/gnu/h-x86_64-mingw32/bin/../lib/gcc/nios2-elf/4.9.2/mno-hw-mul\libgcc.a(lib2-divmod.o)
 .debug_loc     0x0000000000000273       0x2c d:/dev/altera/15.1/nios2eds/bin/gnu/h-x86_64-mingw32/bin/../lib/gcc/nios2-elf/4.9.2/../../../../../H-x86_64-mingw32/nios2-elf/lib/mno-hw-mul\libc.a(lib_a-atexit.o)
 .debug_loc     0x000000000000029f       0x1e d:/dev/altera/15.1/nios2eds/bin/gnu/h-x86_64-mingw32/bin/../lib/gcc/nios2-elf/4.9.2/../../../../../H-x86_64-mingw32/nios2-elf/lib/mno-hw-mul\libc.a(lib_a-exit.o)
 .debug_loc     0x00000000000002bd      0x185 d:/dev/altera/15.1/nios2eds/bin/gnu/h-x86_64-mingw32/bin/../lib/gcc/nios2-elf/4.9.2/../../../../../H-x86_64-mingw32/nios2-elf/lib/mno-hw-mul\libc.a(lib_a-__atexit.o)
 .debug_loc     0x0000000000000442      0x1a6 d:/dev/altera/15.1/nios2eds/bin/gnu/h-x86_64-mingw32/bin/../lib/gcc/nios2-elf/4.9.2/../../../../../H-x86_64-mingw32/nios2-elf/lib/mno-hw-mul\libc.a(lib_a-__call_atexit.o)
 .debug_loc     0x00000000000005e8       0x93 d:/dev/altera/15.1/nios2eds/bin/gnu/h-x86_64-mingw32/bin/../lib/gcc/nios2-elf/4.9.2/mno-hw-mul\libgcc.a(lib2-mul.o)

.debug_macinfo
 *(.debug_macinfo)

.debug_weaknames
 *(.debug_weaknames)

.debug_funcnames
 *(.debug_funcnames)

.debug_typenames
 *(.debug_typenames)

.debug_varnames
 *(.debug_varnames)

.debug_alt_sim_info
                0x0000000000000000       0x10
 *(.debug_alt_sim_info)
 .debug_alt_sim_info
                0x0000000000000000       0x10 ../nios_first_bsp//obj/HAL/src/crt0.o
                0x0000000000004000                __alt_data_end = 0x4000
                0x0000000000004000                PROVIDE (__alt_stack_pointer, __alt_data_end)
                0x000000000000381c                PROVIDE (__alt_stack_limit, __alt_stack_base)
                0x000000000000381c                PROVIDE (__alt_heap_start, end)
                0x0000000000004000                PROVIDE (__alt_heap_limit, 0x4000)
OUTPUT(nios_first.elf elf32-littlenios2)

.debug_ranges   0x0000000000000000       0x78
 .debug_ranges  0x0000000000000000       0x20 ../nios_first_bsp//obj/HAL/src/crt0.o
 .debug_ranges  0x0000000000000020       0x10 d:/dev/altera/15.1/nios2eds/bin/gnu/h-x86_64-mingw32/bin/../lib/gcc/nios2-elf/4.9.2/../../../../../H-x86_64-mingw32/nios2-elf/lib/mno-hw-mul\libc.a(lib_a-atexit.o)
 .debug_ranges  0x0000000000000030       0x10 d:/dev/altera/15.1/nios2eds/bin/gnu/h-x86_64-mingw32/bin/../lib/gcc/nios2-elf/4.9.2/../../../../../H-x86_64-mingw32/nios2-elf/lib/mno-hw-mul\libc.a(lib_a-exit.o)
 .debug_ranges  0x0000000000000040       0x10 d:/dev/altera/15.1/nios2eds/bin/gnu/h-x86_64-mingw32/bin/../lib/gcc/nios2-elf/4.9.2/../../../../../H-x86_64-mingw32/nios2-elf/lib/mno-hw-mul\libc.a(lib_a-__atexit.o)
 .debug_ranges  0x0000000000000050       0x28 d:/dev/altera/15.1/nios2eds/bin/gnu/h-x86_64-mingw32/bin/../lib/gcc/nios2-elf/4.9.2/../../../../../H-x86_64-mingw32/nios2-elf/lib/mno-hw-mul\libc.a(lib_a-__call_atexit.o)
